hello from ferro!